// Jest Snapshot v1, https://goo.gl/fbAQLP

exports[`render page ResultGame 1`] = `
<div>
  <div
    class="MuiContainer-root MuiContainer-maxWidthLg css-1u9qabl-MuiContainer-root"
  >
    <div
      class="MuiGrid-root MuiGrid-container MuiGrid-spacing-xs-2 css-1tfennd-MuiGrid-root"
    >
      <div
        class="MuiGrid-root MuiGrid-item MuiGrid-grid-xs-12 MuiGrid-grid-sm-12 MuiGrid-grid-md-6 css-1fyyp8j-MuiGrid-root"
      >
        <div
          class="MuiBox-root css-1qb3ai4"
        >
          <div
            class="MuiBox-root css-1lgihvy"
          >
            <span
              style="box-sizing: border-box; display: inline-block; overflow: hidden; background: none; opacity: 1; border: 0px; margin: 0px; padding: 0px; position: relative; max-width: 100%;"
            >
              <span
                style="box-sizing: border-box; display: block; background: none; opacity: 1; border: 0px; margin: 0px; padding: 0px; max-width: 100%;"
              >
                <img
                  alt=""
                  aria-hidden="true"
                  src="data:image/svg+xml,%3csvg%20xmlns=%27http://www.w3.org/2000/svg%27%20version=%271.1%27%20width=%270%27%20height=%270%27/%3e"
                  style="display: block; max-width: 100%; background: none; opacity: 1; border: 0px; margin: 0px; padding: 0px;"
                />
              </span>
              <img
                alt="img-slot-t"
                data-nimg="intrinsic"
                decoding="async"
                src="data:image/gif;base64,R0lGODlhAQABAIAAAAAAAP///yH5BAEAAAAALAAAAAABAAEAAAIBRAA7"
                style="position: absolute; top: 0px; left: 0px; bottom: 0px; right: 0px; box-sizing: border-box; padding: 0px; margin: auto; display: block; width: 0px; height: 0px; min-width: 100%; max-width: 100%; min-height: 100%; max-height: 100%;"
              />
              <noscript />
            </span>
          </div>
        </div>
      </div>
      <div
        class="MuiGrid-root MuiGrid-item MuiGrid-grid-xs-12 MuiGrid-grid-sm-12 MuiGrid-grid-md-6 css-1fyyp8j-MuiGrid-root"
      >
        <div
          class="MuiPaper-root MuiPaper-elevation MuiPaper-rounded MuiPaper-elevation3 css-8ffmfy-MuiPaper-root"
        >
          <div
            class="MuiBox-root css-18z1sft"
          >
            <div
              class="MuiBox-root css-0"
              style="transform: rotate(-3deg);"
            >
              <span
                class="css-1sah1m0"
                style="font-size: 2.3rem; display: block; margin-bottom: 5px; text-align: center;"
              >
                !FELICITACIONES!
              </span>
            </div>
            <span
              class="css-8rchdx"
              style="font-size: 1.3rem; text-align: center;"
            >
              Eres el afortunado ganador en llevarse el
               
              <span
                class="css-yzbrn7"
                style="font-size: 1.5rem; text-align: center;"
              >
                PREMIAZO DE TROME.
              </span>
            </span>
            <span
              class="css-yzbrn7"
              style="display: block; font-size: 1.5rem; text-align: center; color: rgb(255, 175, 80);"
            >
              NOMBRE Y APELLIDO
              <span
                class="css-yzbrn7"
                style="display: block; font-size: 1.5rem; text-align: center; color: rgb(255, 175, 80);"
              >
                DNI: 123123131
              </span>
            </span>
            <span
              class="css-yzbrn7"
              style="display: block; font-size: 1.3rem; text-align: center;"
            >
              Atento, porque estaremos enviando el código de validación a tu correo.
            </span>
            <button
              class="MuiButton-root MuiButton-contained MuiButton-containedPrimary MuiButton-sizeMedium MuiButton-containedSizeMedium MuiButtonBase-root  css-sghohy-MuiButtonBase-root-MuiButton-root"
              style="font-size: 1.3rem; border-radius: 80px;"
              tabindex="0"
              type="button"
            >
              Enviar código al correo
              <span
                class="MuiTouchRipple-root css-8je8zh-MuiTouchRipple-root"
              />
            </button>
          </div>
        </div>
      </div>
    </div>
  </div>
</div>
`;
